// Jest Snapshot v1, https://goo.gl/fbAQLP

exports[`GroceryListAddItem component should render the component 1`] = `
<div
  className="col-sm pl-4"
>
  <form
    className="form-inline"
    onSubmit={[MockFunction]}
  >
    <div
      className="form-group mt-3 mt-sm-0"
    >
      <label
        className="sr-only"
        htmlFor="inputGroceryItem"
      >
        Grocery item
      </label>
      <input
        className="form-control"
        id="inputGroceryItem"
        onChange={[MockFunction]}
        placeholder="Grocery item"
        type="text"
        value="Sugar"
      />
    </div>
    <button
      className="btn btn-outline-primary"
      type="submit"
    >
      Add Item
    </button>
  </form>
</div>
`;
